// Jest Snapshot v1, https://goo.gl/fbAQLP

exports[`SimpleStepper renders snapshot 1`] = `
<View>
  <View
    style={
      Object {
        "alignItems": "center",
        "backgroundColor": "transparent",
        "borderColor": "blue",
        "borderRadius": 8,
        "borderWidth": 1,
        "flexDirection": "row",
        "overflow": "hidden",
      }
    }
  >
    <View
      accessible={true}
      focusable={true}
      onClick={[Function]}
      onResponderGrant={[Function]}
      onResponderMove={[Function]}
      onResponderRelease={[Function]}
      onResponderTerminate={[Function]}
      onResponderTerminationRequest={[Function]}
      onStartShouldSetResponder={[Function]}
      style={
        Object {
          "opacity": 1,
          "padding": 4,
        }
      }
    >
      <Image
        source={
          Object {
            "testUri": "../../../assets/decrement.png",
          }
        }
        style={
          Array [
            Object {
              "height": 26,
              "width": 26,
            },
            Object {
              "opacity": 0.5,
            },
          ]
        }
      />
    </View>
    <View
      style={
        Object {
          "backgroundColor": "blue",
          "height": "100%",
          "width": 0.5,
        }
      }
    />
    <View
      accessible={true}
      focusable={true}
      onClick={[Function]}
      onResponderGrant={[Function]}
      onResponderMove={[Function]}
      onResponderRelease={[Function]}
      onResponderTerminate={[Function]}
      onResponderTerminationRequest={[Function]}
      onStartShouldSetResponder={[Function]}
      style={
        Object {
          "opacity": 1,
          "padding": 4,
        }
      }
    >
      <Image
        source={
          Object {
            "testUri": "../../../assets/increment.png",
          }
        }
        style={
          Array [
            Object {
              "height": 26,
              "width": 26,
            },
            Object {
              "opacity": 1,
            },
          ]
        }
      />
    </View>
  </View>
</View>
`;
